Доказательство некорректно начиная с 4 высказывания.
